// Jest Snapshot v1, https://goo.gl/fbAQLP

exports[`renders hidden 1`] = `null`;
